<html>
<body>
<pre>
<h1>µVision Build Log</h1>
<h2>Project:</h2>
C:\Keil\EE319KwareSpring2016\EE319K_Labs\students\br24964_naa968\Pokemon\Pokemon.uvproj
Project File Date:  05/02/2016

<h2>Output:</h2>
Build target 'Pokemon'
compiling Pokemon.c...
ProfOak.h(13): warning:  #1-D: last line of file ends without a newline
  #endif
Pokemon.c: 1 warning, 0 errors
linking...
Program Size: Code=24996 RO-data=170524 RW-data=8892 ZI-data=15156  
".\Pokemon.axf" - 0 Error(s), 1 Warning(s).
image symbols.
Finished: 1 information, 0 warning and 1 error messages.
".\Pokemon.axf" - 1 Error(s), 1 Warning(s).
Target not created
drWindow(0, 0, 160, 128);
ST7735.c: 2 warnings, 0 errors
compiling Timer0.c...
compiling Timer1.c...
assembling LCD.s...
assembling Print.s...
assembling random.s...
assembling startup.s...
compiling Pokemon.c...
ProfOak.h(13): warning:  #1-D: last line of file ends without a newline
  #endif
Pokemon.c: 1 warning, 0 errors
compiling Music.c...
compiling Joystick.c...
compiling Graphics.c...
ProfOak.h(13): warning:  #1-D: last line of file ends without a newline
  #endif
Graphics.c(152): warning:  #177-D: variable "i" was declared but never referenced
        int i;
Graphics.c: 2 warnings, 0 errors
compiling Actions.c...
compiling Inside.c...
compiling Environment.c...
Environment.c(39): warning:  #1-D: last line of file ends without a newline
  };
Environment.c: 1 warning, 0 errors
compiling Trainer.c...
compiling Images.c...
compiling Red_House.c...
compiling Maps.c...
ProfOak.h(13): warning:  #1-D: last line of file ends without a newline
  #endif
Maps.c(35): warning:  #177-D: variable "ProfOakX" was declared but never referenced
  static Person_t ProfOakX = {
Maps.c(58): warning:  #177-D: variable "Blank_Outside" was declared but never referenced
  static Tile_t Blank_Outside = {blank, 1, 1, GoOutside};
Maps.c: 3 warnings, 0 errors
compiling PokeBattle.c...
PokeBattle.c(238): warning:  #223-D: function "Battle_EndConditions" declared implicitly
                                cFSM = Battle_EndConditions();
PokeBattle.c: 1 warning, 0 errors
compiling BattleImages.c...
compiling PokeStructs.c...
compiling User.c...
compiling Kid.c...
compiling ProfOak.c...
compiling PokemonInfo.c...
linking...
Program Size: Code=24968 RO-data=170512 RW-data=8716 ZI-data=15156  
".\Pokemon.axf" - 0 Error(s), 11 Warning(s).
leImages.c...
compiling PokeStructs.c...
compiling User.c...
compiling Kid.c...
compiling ProfOak.c...
compiling PokemonInfo.c...
linking...
.\Pokemon.axf: Error: L6218E: Undefined symbol endConditions (referred from pokebattle.o).
Not enough information to list image symbols.
Finished: 1 information, 0 warning and 1 error messages.
".\Pokemon.axf" - 1 Error(s), 13 Warning(s).
Target not created
