<html>
<body>
<pre>
<h1>µVision Build Log</h1>
<h2>Project:</h2>
\\Mac\Home\Desktop\EE319K\students\br24964_naa968\Ben\BuildFiles\Pokemon.uvproj
Project File Date:  05/03/2016

<h2>Output:</h2>
Rebuild target 'Pokemon'
compiling Actions.c...
compiling BattleImages.c...
compiling Graphics.c...
compiling Joystick.c...
compiling Maps.c...
compiling PokeBattle.c...
compiling Pokemon.c...
compiling PokemonInfo.c...
compiling PokeStructs.c...
compiling ST7735.c...
compiling Tiles.c...
assembling LCD.s...
assembling random.s...
compiling People.c...
compiling UART.c...
linking...
Program Size: Code=25556 RO-data=215060 RW-data=12924 ZI-data=9252  
".\Pokemon.axf" - 0 Error(s), 0 Warning(s).
Load "\\\\Mac\\Home\\Desktop\\EE319K\\students\\br24964_naa968\\Ben\\BuildFiles\\Pokemon.axf" 
Connecting: Mode=JTAG, Speed=1000000Hz
Erase Done.
Programming Done.
Verify OK.
ash Download failed  -  Target DLL has been cancelled
Load "\\\\Mac\\Home\\Desktop\\EE319K\\students\\br24964_naa968\\Ben\\BuildFiles\\Pokemon.axf" 
Connecting: Mode=JTAG, Speed=1000000Hz
Erase Done.
Programming Done.
Verify OK.
ople.c...
compiling UART.c...
".\Pokemon.axf" - 1 Error(s), 0 Warning(s).
Target not created
ng LCD.s...
assembling random.s...
compiling People.c...
compiling UART.c...
".\Pokemon.axf" - 2 Error(s), 0 Warning(s).
Target not created
, &Forest[1][1], &Forest[1][0], &Forest[1][1], &Forest[1][0], &Forest[1][1], &Forest[1][1]},
..\Maps.c: 0 warnings, 2 errors
compiling PokeBattle.c...
compiling Pokemon.c...
compiling PokemonInfo.c...
compiling PokeStructs.c...
compiling ST7735.c...
compiling Tiles.c...
..\Tiles.c(5982): error:  #20: identifier "GoToPallet" is undefined
  Tile_t Wild2 = {wild, 0, 1, GoToPallet};
..\Tiles.c: 0 warnings, 1 error
assembling LCD.s...
assembling random.s...
compiling People.c...
compiling UART.c...
".\Pokemon.axf" - 3 Error(s), 0 Warning(s).
Target not created
