ARM Linker, 5.03 [Build 76] [MDK-ARM Professional]

==============================================================================

Section Cross References

    actions.o(i.GoDownstairs) refers to graphics.o(i.Reload_Map) for Reload_Map
    actions.o(i.GoDownstairs) refers to actions.o(i.Delay) for Delay
    actions.o(i.GoDownstairs) refers to graphics.o(i.Map_Init) for Map_Init
    actions.o(i.GoInside) refers to graphics.o(i.Reload_Map) for Reload_Map
    actions.o(i.GoInside) refers to actions.o(i.Delay) for Delay
    actions.o(i.GoInside) refers to graphics.o(i.Map_Init) for Map_Init
    actions.o(i.GoOutside) refers to graphics.o(i.Reload_Map) for Reload_Map
    actions.o(i.GoOutside) refers to actions.o(i.Delay) for Delay
    actions.o(i.GoOutside) refers to graphics.o(i.Map_Init) for Map_Init
    actions.o(i.GoToPallet) refers to graphics.o(i.Reload_Map) for Reload_Map
    actions.o(i.GoToPallet) refers to actions.o(i.Delay) for Delay
    actions.o(i.GoToPallet) refers to graphics.o(i.Map_Init) for Map_Init
    actions.o(i.GoToRoute1) refers to graphics.o(i.Reload_Map) for Reload_Map
    actions.o(i.GoToRoute1) refers to actions.o(i.Delay) for Delay
    actions.o(i.GoToRoute1) refers to graphics.o(i.Map_Init) for Map_Init
    actions.o(i.GoUpstairs) refers to graphics.o(i.Reload_Map) for Reload_Map
    actions.o(i.GoUpstairs) refers to actions.o(i.Delay) for Delay
    actions.o(i.GoUpstairs) refers to graphics.o(i.Map_Init) for Map_Init
    actions.o(i.Say) refers to st7735.o(i.ST7735_FillRect) for ST7735_FillRect
    actions.o(i.Say) refers to joystick.o(i.AisPushed) for AisPushed
    actions.o(i.Say) refers to joystick.o(i.BisPushed) for BisPushed
    actions.o(i.Say) refers to uart.o(i.UART_PlaySound) for UART_PlaySound
    actions.o(i.Say) refers to st7735.o(i.ST7735_DrawChar) for ST7735_DrawChar
    actions.o(i.Say) refers to actions.o(i.Delay) for Delay
    actions.o(i.Say) refers to graphics.o(i.Reload_Map) for Reload_Map
    actions.o(i.SpawnWild) refers to random.o(.text) for Random
    actions.o(i.SpawnWild) refers to rt_memcpy_w.o(.text) for __aeabi_memcpy4
    actions.o(i.SpawnWild) refers to pokebattle.o(i.Battle_RunFSM) for Battle_RunFSM
    actions.o(i.SpawnWild) refers to people.o(.data) for Prof_Oak
    graphics.o(i.CheckForAction) refers to graphics.o(i.setDir) for setDir
    graphics.o(i.CheckForAction) refers to graphics.o(i.Speak) for Speak
    graphics.o(i.CheckForAction) refers to graphics.o(.data) for leftRight
    graphics.o(i.CheckForAction) refers to people.o(.constdata) for Player
    graphics.o(i.CheckForAction) refers to graphics.o(.bss) for Map
    graphics.o(i.CheckForPlayerBattle) refers to graphics.o(i.setDir) for setDir
    graphics.o(i.CheckForPlayerBattle) refers to graphics.o(i.SetPersonLinks) for SetPersonLinks
    graphics.o(i.CheckForPlayerBattle) refers to graphics.o(i.Reload_Map) for Reload_Map
    graphics.o(i.CheckForPlayerBattle) refers to actions.o(i.Say) for Say
    graphics.o(i.CheckForPlayerBattle) refers to rt_memcpy_w.o(.text) for __aeabi_memcpy4
    graphics.o(i.CheckForPlayerBattle) refers to pokebattle.o(i.Battle_RunFSM) for Battle_RunFSM
    graphics.o(i.CheckForPlayerBattle) refers to graphics.o(.bss) for Map
    graphics.o(i.CheckForPlayerBattle) refers to people.o(.constdata) for Player
    graphics.o(i.CheckForPlayerBattle) refers to graphics.o(.data) for cRow
    graphics.o(i.Map_Init) refers to rt_memcpy_w.o(.text) for __aeabi_memcpy4
    graphics.o(i.Map_Init) refers to graphics.o(i.SetPersonLinks) for SetPersonLinks
    graphics.o(i.Map_Init) refers to st7735.o(i.ST7735_PrintMap) for ST7735_PrintMap
    graphics.o(i.Map_Init) refers to graphics.o(.data) for maps
    graphics.o(i.Map_Init) refers to graphics.o(.bss) for Map
    graphics.o(i.Map_Init) refers to people.o(.constdata) for Player
    graphics.o(i.Move) refers to st7735.o(i.ST7735_PrintMap) for ST7735_PrintMap
    graphics.o(i.Move) refers to graphics.o(i.setDir) for setDir
    graphics.o(i.Move) refers to graphics.o(i.spaceOccupied) for spaceOccupied
    graphics.o(i.Move) refers to graphics.o(i.atEdge) for atEdge
    graphics.o(i.Move) refers to joystick.o(i.BisPushed) for BisPushed
    graphics.o(i.Move) refers to graphics.o(i.CheckForPlayerBattle) for CheckForPlayerBattle
    graphics.o(i.Move) refers to graphics.o(.data) for cDir
    graphics.o(i.Move) refers to people.o(.constdata) for Player
    graphics.o(i.Move) refers to graphics.o(.bss) for Map
    graphics.o(i.Reload_Map) refers to random.o(.text) for Random
    graphics.o(i.Reload_Map) refers to st7735.o(i.ST7735_PrintMap) for ST7735_PrintMap
    graphics.o(i.Reload_Map) refers to graphics.o(.bss) for Map
    graphics.o(i.Reload_Map) refers to people.o(.constdata) for Player
    graphics.o(i.Reload_Map) refers to graphics.o(.data) for lastDir
    graphics.o(i.SetPersonLinks) refers to rt_memcpy_w.o(.text) for __aeabi_memcpy4
[...]
    GPIOPortP5_Handler                       0x00000283   Thumb Code     0  startup.o(RESET)
    GPIOPortP6_Handler                       0x00000283   Thumb Code     0  startup.o(RESET)
    GPIOPortP7_Handler                       0x00000283   Thumb Code     0  startup.o(RESET)
    GPIOPortP_Handler                        0x00000283   Thumb Code     0  startup.o(RESET)
    GPIOPortQ1_Handler                       0x00000283   Thumb Code     0  startup.o(RESET)
    GPIOPortQ2_Handler                       0x00000283   Thumb Code     0  startup.o(RESET)
    GPIOPortQ3_Handler                       0x00000283   Thumb Code     0  startup.o(RESET)
    GPIOPortQ4_Handler                       0x00000283   Thumb Code     0  startup.o(RESET)
    GPIOPortQ5_Handler                       0x00000283   Thumb Code     0  startup.o(RESET)
    GPIOPortQ6_Handler                       0x00000283   Thumb Code     0  startup.o(RESET)
    GPIOPortQ7_Handler                       0x00000283   Thumb Code     0  startup.o(RESET)
    GPIOPortQ_Handler                        0x00000283   Thumb Code     0  startup.o(RESET)
    GPIOPortR_Handler                        0x00000283   Thumb Code     0  startup.o(RESET)
    GPIOPortS_Handler                        0x00000283   Thumb Code     0  startup.o(RESET)
    Hibernate_Handler                        0x00000283   Thumb Code     0  startup.o(RESET)
    I2C0_Handler                             0x00000283   Thumb Code     0  startup.o(RESET)
    I2C1_Handler                             0x00000283   Thumb Code     0  startup.o(RESET)
    I2C2_Handler                             0x00000283   Thumb Code     0  startup.o(RESET)
    I2C3_Handler                             0x00000283   Thumb Code     0  startup.o(RESET)
    I2C4_Handler                             0x00000283   Thumb Code     0  startup.o(RESET)
    I2C5_Handler                             0x00000283   Thumb Code     0  startup.o(RESET)
    I2S0_Handler                             0x00000283   Thumb Code     0  startup.o(RESET)
    LPC0_Handler                             0x00000283   Thumb Code     0  startup.o(RESET)
    PECI0_Handler                            0x00000283   Thumb Code     0  startup.o(RESET)
    PWM0Fault_Handler                        0x00000283   Thumb Code     0  startup.o(RESET)
    PWM0Generator0_Handler                   0x00000283   Thumb Code     0  startup.o(RESET)
    PWM0Generator1_Handler                   0x00000283   Thumb Code     0  startup.o(RESET)
    PWM0Generator2_Handler                   0x00000283   Thumb Code     0  startup.o(RESET)
    PWM0Generator3_Handler                   0x00000283   Thumb Code     0  startup.o(RESET)
    PWM1Fault_Handler                        0x00000283   Thumb Code     0  startup.o(RESET)
    PWM1Generator0_Handler                   0x00000283   Thumb Code     0  startup.o(RESET)
    PWM1Generator1_Handler                   0x00000283   Thumb Code     0  startup.o(RESET)
    PWM1Generator2_Handler                   0x00000283   Thumb Code     0  startup.o(RESET)
    PWM1Generator3_Handler                   0x00000283   Thumb Code     0  startup.o(RESET)
    Quadrature0_Handler                      0x00000283   Thumb Code     0  startup.o(RESET)
    Quadrature1_Handler                      0x00000283   Thumb Code     0  startup.o(RESET)
    Quadrature2_Handler                      0x00000283   Thumb Code     0  startup.o(RESET)
    SSI0_Handler                             0x00000283   Thumb Code     0  startup.o(RESET)
    SSI1_Handler                             0x00000283   Thumb Code     0  startup.o(RESET)
    SSI2_Handler                             0x00000283   Thumb Code     0  startup.o(RESET)
    SSI3_Handler                             0x00000283   Thumb Code     0  startup.o(RESET)
    SysCtl_Handler                           0x00000283   Thumb Code     0  startup.o(RESET)
    Timer0A_Handler                          0x00000283   Thumb Code     0  startup.o(RESET)
    Timer0B_Handler                          0x00000283   Thumb Code     0  startup.o(RESET)
    Timer1A_Handler                          0x00000283   Thumb Code     0  startup.o(RESET)
    Timer1B_Handler                          0x00000283   Thumb Code     0  startup.o(RESET)
    Timer2A_Handler                          0x00000283   Thumb Code     0  startup.o(RESET)
    Timer2B_Handler                          0x00000283   Thumb Code     0  startup.o(RESET)
    Timer3A_Handler                          0x00000283   Thumb Code     0  startup.o(RESET)
    Timer3B_Handler                          0x00000283   Thumb Code     0  startup.o(RESET)
    Timer4B_Handler                          0x00000283   Thumb Code     0  startup.o(RESET)
    Timer5B_Handler                          0x00000283   Thumb Code     0  startup.o(RESET)
    UART0_Handler                            0x00000283   Thumb Code     0  startup.o(RESET)
    UART1_Handler                            0x00000283   Thumb Code     0  startup.o(RESET)
    UART2_Handler                            0x00000283   Thumb Code     0  startup.o(RESET)
    UART3_Handler                            0x00000283   Thumb Code     0  startup.o(RESET)
    UART4_Handler                            0x00000283   Thumb Code     0  startup.o(RESET)
    UART5_Handler                            0x00000283   Thumb Code     0  startup.o(RESET)
    UART6_Handler                            0x00000283   Thumb Code     0  startup.o(RESET)
    UART7_Handler                            0x00000283   Thumb Code     0  startup.o(RESET)
    USB0_Handler                             0x00000283   Thumb Code     0  startup.o(RESET)
    WDT_Handler                              0x00000283   Thumb Code     0  startup.o(RESET)
    WideTimer0A_Handler                      0x00000283   Thumb Code     0  startup.o(RESET)
    WideTimer0B_Handler                      0x00000283   Thumb Code     0  startup.o(RESET)
    WideTimer1A_Handler                      0x00000283   Thumb Code     0  startup.o(RESET)
    WideTimer1B_Handler                      0x00000283   Thumb Code     0  startup.o(RESET)
    WideTimer2A_Handler                      0x00000283   Thumb Code     0  startup.o(RESET)
    WideTimer2B_Handler                      0x00000283   Thumb Code     0  startup.o(RESET)
    WideTimer3A_Handler                      0x00000283   Thumb Code     0  startup.o(RESET)
    WideTimer3B_Handler                      0x00000283   Thumb Code     0  startup.o(RESET)
    WideTimer4A_Handler                      0x00000283   Thumb Code     0  startup.o(RESET)
    WideTimer4B_Handler                      0x00000283   Thumb Code     0  startup.o(RESET)
    WideTimer5A_Handler                      0x00000283   Thumb Code     0  startup.o(RESET)
    WideTimer5B_Handler                      0x00000283   Thumb Code     0  startup.o(RESET)
    uDMA_Error                               0x00000283   Thumb Code     0  startup.o(RESET)
    uDMA_Handler                             0x00000283   Thumb Code     0  startup.o(RESET)
    __main                                   0x00000285   Thumb Code     8  __main.o(!!!main)
    __scatterload                            0x0000028d   Thumb Code     0  __scatter.o(!!!scatter)
    __scatterload_rt2                        0x0000028d   Thumb Code    44  __scatter.o(!!!scatter)
    __scatterload_rt2_thumb_only             0x0000028d   Thumb Code     0  __scatter.o(!!!scatter)
    __scatterload_null                       0x0000029b   Thumb Code     0  __scatter.o(!!!scatter)
    __decompress                             0x000002c1   Thumb Code    90  __dczerorl2.o(!!dczerorl2)
    __decompress1                            0x000002c1   Thumb Code     0  __dczerorl2.o(!!dczerorl2)
    __scatterload_zeroinit                   0x0000031d   Thumb Code    28  __scatter_zi.o(!!handler_zi)
    __rt_lib_init                            0x00000339   Thumb Code     0  libinit.o(.ARM.Collect$$libinit$$00000000)
    __rt_lib_init_alloca_1                   0x0000033b   Thumb Code     0  libinit2.o(.ARM.Collect$$libinit$$0000002C)
    __rt_lib_init_argv_1                     0x0000033b   Thumb Code     0  libinit2.o(.ARM.Collect$$libinit$$0000002A)
    __rt_lib_init_atexit_1                   0x0000033b   Thumb Code     0  libinit2.o(.ARM.Collect$$libinit$$00000019)
    __rt_lib_init_clock_1                    0x0000033b   Thumb Code     0  libinit2.o(.ARM.Collect$$libinit$$0000001F)
    __rt_lib_init_cpp_1                      0x0000033b   Thumb Code     0  libinit2.o(.ARM.Collect$$libinit$$00000030)
    __rt_lib_init_exceptions_1               0x0000033b   Thumb Code     0  libinit2.o(.ARM.Collect$$libinit$$0000002E)
    __rt_lib_init_fp_1                       0x0000033b   Thumb Code     0  libinit2.o(.ARM.Collect$$libinit$$00000002)
    __rt_lib_init_fp_trap_1                  0x0000033b   Thumb Code     0  libinit2.o(.ARM.Collect$$libinit$$0000001D)
    __rt_lib_init_getenv_1                   0x0000033b   Thumb Code     0  libinit2.o(.ARM.Collect$$libinit$$00000021)
    __rt_lib_init_heap_1                     0x0000033b   Thumb Code     0  libinit2.o(.ARM.Collect$$libinit$$00000008)
    __rt_lib_init_lc_collate_1               0x0000033b   Thumb Code     0  libinit2.o(.ARM.Collect$$libinit$$0000000F)
    __rt_lib_init_lc_ctype_1                 0x0000033b   Thumb Code     0  libinit2.o(.ARM.Collect$$libinit$$00000011)
    __rt_lib_init_lc_monetary_1              0x0000033b   Thumb Code     0  libinit2.o(.ARM.Collect$$libinit$$00000013)
    __rt_lib_init_lc_numeric_1               0x0000033b   Thumb Code     0  libinit2.o(.ARM.Collect$$libinit$$00000015)
    __rt_lib_init_lc_time_1                  0x0000033b   Thumb Code     0  libinit2.o(.ARM.Collect$$libinit$$00000017)
    __rt_lib_init_rand_1                     0x0000033b   Thumb Code     0  libinit2.o(.ARM.Collect$$libinit$$0000000C)
    __rt_lib_init_return                     0x0000033b   Thumb Code     0  libinit2.o(.ARM.Collect$$libinit$$00000031)
    __rt_lib_init_signal_1                   0x0000033b   Thumb Code     0  libinit2.o(.ARM.Collect$$libinit$$0000001B)
    __rt_lib_init_stdio_1                    0x0000033b   Thumb Code     0  libinit2.o(.ARM.Collect$$libinit$$00000023)
    __rt_lib_init_user_alloc_1               0x0000033b   Thumb Code     0  libinit2.o(.ARM.Collect$$libinit$$0000000A)
    __rt_lib_shutdown                        0x0000033d   Thumb Code     0  libshutdown.o(.ARM.Collect$$libshutdown$$00000000)
    __rt_lib_shutdown_fp_trap_1              0x0000033f   Thumb Code     0  libshutdown2.o(.ARM.Collect$$libshutdown$$00000006)
    __rt_lib_shutdown_heap_1                 0x0000033f   Thumb Code     0  libshutdown2.o(.ARM.Collect$$libshutdown$$0000000E)
    __rt_lib_shutdown_return                 0x0000033f   Thumb Code     0  libshutdown2.o(.ARM.Collect$$libshutdown$$0000000F)
    __rt_lib_shutdown_signal_1               0x0000033f   Thumb Code     0  libshutdown2.o(.ARM.Collect$$libshutdown$$00000009)
    __rt_lib_shutdown_stdio_1                0x0000033f   Thumb Code     0  libshutdown2.o(.ARM.Collect$$libshutdown$$00000003)
    __rt_lib_shutdown_user_alloc_1           0x0000033f   Thumb Code     0  libshutdown2.o(.ARM.Collect$$libshutdown$$0000000B)
    __rt_entry                               0x00000341   Thumb Code     0  rtentry.o(.ARM.Collect$$rtentry$$00000000)
    __rt_entry_presh_1                       0x00000341   Thumb Code     0  rtentry2.o(.ARM.Collect$$rtentry$$00000002)
    __rt_entry_sh                            0x00000341   Thumb Code     0  rtentry4.o(.ARM.Collect$$rtentry$$00000004)
    __rt_entry_li                            0x00000347   Thumb Code     0  rtentry2.o(.ARM.Collect$$rtentry$$0000000A)
    __rt_entry_postsh_1                      0x00000347   Thumb Code     0  rtentry2.o(.ARM.Collect$$rtentry$$00000009)
    __rt_entry_main                          0x0000034b   Thumb Code     0  rtentry2.o(.ARM.Collect$$rtentry$$0000000D)
    __rt_entry_postli_1                      0x0000034b   Thumb Code     0  rtentry2.o(.ARM.Collect$$rtentry$$0000000C)
    __rt_exit                                0x00000353   Thumb Code     0  rtexit.o(.ARM.Collect$$rtexit$$00000000)
    __rt_exit_ls                             0x00000355   Thumb Code     0  rtexit2.o(.ARM.Collect$$rtexit$$00000003)
    __rt_exit_prels_1                        0x00000355   Thumb Code     0  rtexit2.o(.ARM.Collect$$rtexit$$00000002)
    __rt_exit_exit                           0x00000359   Thumb Code     0  rtexit2.o(.ARM.Collect$$rtexit$$00000004)
    writecommand                             0x00000361   Thumb Code     0  lcd.o(.text)
    writedata                                0x00000389   Thumb Code     0  lcd.o(.text)
    Random_Init                              0x000003b1   Thumb Code     0  random.o(.text)
    Random32                                 0x000003bb   Thumb Code     2  random.o(.text)
    Random                                   0x000003cd   Thumb Code     2  random.o(.text)
    DisableInterrupts                        0x000003f1   Thumb Code     0  startup.o(.text)
    EnableInterrupts                         0x000003f5   Thumb Code     0  startup.o(.text)
    StartCritical                            0x000003f9   Thumb Code     0  startup.o(.text)
    EndCritical                              0x00000401   Thumb Code     0  startup.o(.text)
    WaitForInterrupt                         0x00000407   Thumb Code     0  startup.o(.text)
    __user_initial_stackheap                 0x0000040b   Thumb Code     0  startup.o(.text)
    ADC1_Init                                0x00000421   Thumb Code   170  texas.o(.text)
    SetCode                                  0x000004cb   Thumb Code    20  texas.o(.text)
    UART0_Init                               0x000004df   Thumb Code   162  texas.o(.text)
    SetCourse                                0x00000581   Thumb Code    22  texas.o(.text)
    PLL_Init                                 0x00000597   Thumb Code   118  texas.o(.text)
    TExaS_Init                               0x0000060d   Thumb Code   282  texas.o(.text)
    StopTimer4                               0x00000727   Thumb Code    16  texas.o(.text)
    StartTimer4                              0x00000737   Thumb Code    24  texas.o(.text)
    Timer4A_Handler                          0x0000074f   Thumb Code    20  texas.o(.text)
    ADC1_In                                  0x00000763   Thumb Code     6  texas.o(.text)
    Timer5A_Handler                          0x00000769   Thumb Code    34  texas.o(.text)
    TExaS_Stop                               0x0000078b   Thumb Code    18  texas.o(.text)
    copy                                     0x0000079d   Thumb Code    16  texas.o(.text)
    SetMode                                  0x000007ad   Thumb Code    22  texas.o(.text)
    UART0_InChar                             0x000007c3   Thumb Code    20  texas.o(.text)
    UART0_InCharNonBlocking                  0x000007d7   Thumb Code    22  texas.o(.text)
    UART0_OutChar                            0x000007ed   Thumb Code   200  texas.o(.text)
    UART0_OutCharNonBlock                    0x000008b5   Thumb Code     6  texas.o(.text)
    __aeabi_memcpy4                          0x000008c1   Thumb Code     0  rt_memcpy_w.o(.text)
    __aeabi_memcpy8                          0x000008c1   Thumb Code     0  rt_memcpy_w.o(.text)
    __rt_memcpy_w                            0x000008c1   Thumb Code   100  rt_memcpy_w.o(.text)
    _memcpy_lastbytes_aligned                0x00000909   Thumb Code     0  rt_memcpy_w.o(.text)
    __use_two_region_memory                  0x00000925   Thumb Code     2  heapauxi.o(.text)
    __rt_heap_escrow$2region                 0x00000927   Thumb Code     2  heapauxi.o(.text)
    __rt_heap_expand$2region                 0x00000929   Thumb Code     2  heapauxi.o(.text)
    __user_setup_stackheap                   0x0000092b   Thumb Code    74  sys_stackheap_outer.o(.text)
    exit                                     0x00000975   Thumb Code    12  exit.o(.text)
    __user_libspace                          0x00000981   Thumb Code     8  libspace.o(.text)
    __user_perproc_libspace                  0x00000981   Thumb Code     0  libspace.o(.text)
    __user_perthread_libspace                0x00000981   Thumb Code     0  libspace.o(.text)
    _sys_exit                                0x00000989   Thumb Code     8  sys_exit.o(.text)
    __I$use$semihosting                      0x00000995   Thumb Code     0  use_no_semi.o(.text)
    __use_no_semihosting_swi                 0x00000995   Thumb Code     2  use_no_semi.o(.text)
    __semihosting_library_function           0x00000997   Thumb Code     0  indicate_semi.o(.text)
    AisPushed                                0x00000999   Thumb Code    10  joystick.o(i.AisPushed)
    Battle_Init                              0x00000f11   Thumb Code   372  pokebattle.o(i.Battle_Init)
    Battle_RunFSM                            0x0000153d   Thumb Code   196  pokebattle.o(i.Battle_RunFSM)
    BisPushed                                0x00001aed   Thumb Code    10  joystick.o(i.BisPushed)
    ButtonsAB_Init                           0x00001afd   Thumb Code    78  joystick.o(i.ButtonsAB_Init)
    CheckForAction                           0x00001b6d   Thumb Code   120  graphics.o(i.CheckForAction)
    CheckForPlayerBattle                     0x00001c01   Thumb Code   452  graphics.o(i.CheckForPlayerBattle)
    Delay                                    0x00001de5   Thumb Code    16  actions.o(i.Delay)
    Delay1ms                                 0x00001e0d   Thumb Code    32  st7735.o(i.Delay1ms)
    GoDownstairs                             0x00002061   Thumb Code    26  actions.o(i.GoDownstairs)
    GoInside                                 0x0000207b   Thumb Code    26  actions.o(i.GoInside)
    GoOutside                                0x00002095   Thumb Code    26  actions.o(i.GoOutside)
    GoToPallet                               0x000020af   Thumb Code    26  actions.o(i.GoToPallet)
    GoToRoute1                               0x000020c9   Thumb Code    26  actions.o(i.GoToRoute1)
    GoUpstairs                               0x000020e3   Thumb Code    26  actions.o(i.GoUpstairs)
    Joystick_In                              0x0000212d   Thumb Code    50  joystick.o(i.Joystick_In)
    Joystick_Init                            0x00002165   Thumb Code   224  joystick.o(i.Joystick_Init)
    Joystick_getDirection                    0x00002259   Thumb Code    54  joystick.o(i.Joystick_getDirection)
    Map_Init                                 0x00002299   Thumb Code   112  graphics.o(i.Map_Init)
    Move                                     0x00002329   Thumb Code   402  graphics.o(i.Move)
    None                                     0x000026e9   Thumb Code     2  actions.o(i.None)
    Output_Init                              0x000026eb   Thumb Code    22  st7735.o(i.Output_Init)
    Reload_Map                               0x00002ba5   Thumb Code   100  graphics.o(i.Reload_Map)
    ST7735_Color565                          0x00002c35   Thumb Code    24  st7735.o(i.ST7735_Color565)
    ST7735_DrawBitmap                        0x00002c4d   Thumb Code   280  st7735.o(i.ST7735_DrawBitmap)
    ST7735_DrawBitmapT                       0x00002d6d   Thumb Code   118  st7735.o(i.ST7735_DrawBitmapT)
    ST7735_DrawChar                          0x00002de5   Thumb Code   256  st7735.o(i.ST7735_DrawChar)
    ST7735_DrawFastHLine                     0x00002ef1   Thumb Code   116  st7735.o(i.ST7735_DrawFastHLine)
    ST7735_DrawFastVLine                     0x00002f6d   Thumb Code   116  st7735.o(i.ST7735_DrawFastVLine)
    ST7735_DrawPixel                         0x00002fe9   Thumb Code    64  st7735.o(i.ST7735_DrawPixel)
    ST7735_FillRect                          0x00003031   Thumb Code   164  st7735.o(i.ST7735_FillRect)
    ST7735_FillScreen                        0x000030dd   Thumb Code    28  st7735.o(i.ST7735_FillScreen)
    ST7735_InitR                             0x00003101   Thumb Code    90  st7735.o(i.ST7735_InitR)
    ST7735_PrintMap                          0x0000317d   Thumb Code  1156  st7735.o(i.ST7735_PrintMap)
    ST7735_PrintPerson                       0x00003601   Thumb Code   178  st7735.o(i.ST7735_PrintPerson)
    ST7735_SetCursor                         0x000036b5   Thumb Code    22  st7735.o(i.ST7735_SetCursor)
    ST7735_SetRotation                       0x000036d5   Thumb Code   196  st7735.o(i.ST7735_SetRotation)
    Say                                      0x000037a9   Thumb Code   304  actions.o(i.Say)
    SetPersonLinks                           0x000039c1   Thumb Code   370  graphics.o(i.SetPersonLinks)
    SpawnWild                                0x00003c49   Thumb Code    46  actions.o(i.SpawnWild)
    Speak                                    0x00003c7d   Thumb Code   156  graphics.o(i.Speak)
    UART_Init                                0x00004001   Thumb Code   132  uart.o(i.UART_Init)
    UART_PlaySound                           0x00004091   Thumb Code    18  uart.o(i.UART_PlaySound)
    atEdge                                   0x000040d9   Thumb Code    98  graphics.o(i.atEdge)
    main                                     0x0000476d   Thumb Code   134  pokemon.o(i.main)
    oppositeDir                              0x00004801   Thumb Code    28  graphics.o(i.oppositeDir)
    setAddrWindow                            0x00005571   Thumb Code   106  st7735.o(i.setAddrWindow)
    setDir                                   0x000055e5   Thumb Code    60  graphics.o(i.setDir)
    spaceOccupied                            0x00005621   Thumb Code   128  graphics.o(i.spaceOccupied)
    __aeabi_dadd                             0x00005aa9   Thumb Code     0  daddsub_clz.o(x$fpl$dadd)
    _dadd                                    0x00005aa9   Thumb Code   332  daddsub_clz.o(x$fpl$dadd)
    __fpl_dcmp_Inf                           0x00005bf9   Thumb Code    24  dcmpi.o(x$fpl$dcmpinf)
    __aeabi_ddiv                             0x00005c11   Thumb Code     0  ddiv.o(x$fpl$ddiv)
    _ddiv                                    0x00005c11   Thumb Code   552  ddiv.o(x$fpl$ddiv)
    __aeabi_cdcmpeq                          0x00005ec1   Thumb Code     0  deqf.o(x$fpl$deqf)
    _dcmpeq                                  0x00005ec1   Thumb Code   120  deqf.o(x$fpl$deqf)
    __aeabi_d2iz                             0x00005f39   Thumb Code     0  dfix.o(x$fpl$dfix)
    _dfix                                    0x00005f39   Thumb Code    94  dfix.o(x$fpl$dfix)
    __aeabi_i2d                              0x00005f97   Thumb Code     0  dflt_clz.o(x$fpl$dflt)
    _dflt                                    0x00005f97   Thumb Code    46  dflt_clz.o(x$fpl$dflt)
    __aeabi_ui2d                             0x00005fc5   Thumb Code     0  dflt_clz.o(x$fpl$dfltu)
    _dfltu                                   0x00005fc5   Thumb Code    38  dflt_clz.o(x$fpl$dfltu)
    __aeabi_dmul                             0x00005fed   Thumb Code     0  dmul.o(x$fpl$dmul)
    _dmul                                    0x00005fed   Thumb Code   332  dmul.o(x$fpl$dmul)
    __fpl_dnaninf                            0x00006141   Thumb Code   156  dnaninf.o(x$fpl$dnaninf)
    __fpl_dretinf                            0x000061dd   Thumb Code    12  dretinf.o(x$fpl$dretinf)
    __aeabi_drsub                            0x000061e9   Thumb Code     0  daddsub_clz.o(x$fpl$drsb)
    _drsb                                    0x000061e9   Thumb Code    22  daddsub_clz.o(x$fpl$drsb)
    __aeabi_dsub                             0x00006201   Thumb Code     0  daddsub_clz.o(x$fpl$dsub)
    _dsub                                    0x00006201   Thumb Code   464  daddsub_clz.o(x$fpl$dsub)
    HealthBox_User                           0x000063d4   Data        6240  battleimages.o(.constdata)
    __I$use$fp                               0x000063d4   Number         0  usenofp.o(x$fpl$usenofp)
    HealthBox_Enemy                          0x00007c34   Data        6592  battleimages.o(.constdata)
    Battle_Cursor                            0x000095f4   Data         120  battleimages.o(.constdata)
    Pokeball_Open                            0x0000966c   Data         312  battleimages.o(.constdata)
    Pokeball_Closed                          0x000097a4   Data         288  battleimages.o(.constdata)
    BagMenu_Cursor                           0x000098c4   Data         120  battleimages.o(.constdata)
    Small_PokeballF                          0x0000993c   Data          98  battleimages.o(.constdata)
    Small_Pokeball                           0x0000999e   Data          98  battleimages.o(.constdata)
    PokemonMenu_HP                           0x00009a00   Data         650  battleimages.o(.constdata)
    Ash_Back1                                0x00009c8a   Data        3456  battleimages.o(.constdata)
    Ash_Back2                                0x0000aa0a   Data        5544  battleimages.o(.constdata)
    Ash_Back3                                0x0000bfb2   Data        4888  battleimages.o(.constdata)
    Ash_Back4                                0x0000d2ca   Data        6272  battleimages.o(.constdata)
    Ash_Back5                                0x0000eb4a   Data        4730  battleimages.o(.constdata)
    Prof_Oak1                                0x0000fdc4   Data        5040  battleimages.o(.constdata)
    PalletTown                               0x00011174   Data        4128  maps.o(.constdata)
    Route1                                   0x00012194   Data        4128  maps.o(.constdata)
    Bedroom                                  0x000131b4   Data        4128  maps.o(.constdata)
    Home                                     0x000141d4   Data        4128  maps.o(.constdata)
    null                                     0x000151f4   Data           2  pokemoninfo.o(.constdata)
    Charmander_Backside                      0x000151f6   Data        4042  pokemoninfo.o(.constdata)
    Charmander_Frontside                     0x000161c0   Data        2808  pokemoninfo.o(.constdata)
    Charmander_In1                           0x00016cb8   Data         714  pokemoninfo.o(.constdata)
    Charmander_In2                           0x00016f82   Data         756  pokemoninfo.o(.constdata)
    Squirtle_Backside                        0x00017276   Data        2970  pokemoninfo.o(.constdata)
    Squirtle_Frontside                       0x00017e10   Data        2736  pokemoninfo.o(.constdata)
    Squirtle_In1                             0x000188c0   Data         714  pokemoninfo.o(.constdata)
    Squirtle_In2                             0x00018b8a   Data         672  pokemoninfo.o(.constdata)
    Bulbasaur_In1                            0x00018e2a   Data         680  pokemoninfo.o(.constdata)
    Bulbasaur_Back                           0x000190d2   Data        2880  pokemoninfo.o(.constdata)
    Bulbasaur_Front                          0x00019c12   Data        2244  pokemoninfo.o(.constdata)
    dBfs                                     0x0001aab8   Data         512  st7735.o(.constdata)
    OneTree0_0                               0x0001acb8   Data         512  tiles.o(.constdata)
    OneTree0_1                               0x0001aeb8   Data         512  tiles.o(.constdata)
    OneTree1_0                               0x0001b0b8   Data         512  tiles.o(.constdata)
    OneTree1_1                               0x0001b2b8   Data         512  tiles.o(.constdata)
    OneTree2_0                               0x0001b4b8   Data         512  tiles.o(.constdata)
    OneTree2_1                               0x0001b6b8   Data         512  tiles.o(.constdata)
    Forest0_0                                0x0001b8b8   Data         512  tiles.o(.constdata)
    Forest0_1                                0x0001bab8   Data         512  tiles.o(.constdata)
    Forest1_0                                0x0001bcb8   Data         512  tiles.o(.constdata)
    Forest1_1                                0x0001beb8   Data         512  tiles.o(.constdata)
    Forest2_0                                0x0001c0b8   Data         512  tiles.o(.constdata)
    Forest2_1                                0x0001c2b8   Data         512  tiles.o(.constdata)
    LightTile0_0                             0x0001c4b8   Data         512  tiles.o(.constdata)
    LightGrass0_0                            0x0001c6b8   Data         512  tiles.o(.constdata)
    LightGrass0_1                            0x0001c8b8   Data         512  tiles.o(.constdata)
    LightGrass0_2                            0x0001cab8   Data         512  tiles.o(.constdata)
    LightGrass0_3                            0x0001ccb8   Data         512  tiles.o(.constdata)
    LightGrass1_0                            0x0001ceb8   Data         512  tiles.o(.constdata)
    LightGrass1_1                            0x0001d0b8   Data         512  tiles.o(.constdata)
    LightGrass1_2                            0x0001d2b8   Data         512  tiles.o(.constdata)
    LightGrass1_3                            0x0001d4b8   Data         512  tiles.o(.constdata)
    Water1_0                                 0x0001d6b8   Data         512  tiles.o(.constdata)
    Water1_1                                 0x0001d8b8   Data         512  tiles.o(.constdata)
    Water1_2                                 0x0001dab8   Data         512  tiles.o(.constdata)
    Water2_0                                 0x0001dcb8   Data         512  tiles.o(.constdata)
    Water2_1                                 0x0001deb8   Data         512  tiles.o(.constdata)
    Water2_2                                 0x0001e0b8   Data         512  tiles.o(.constdata)
    Fencing3_1                               0x0001e2b8   Data         512  tiles.o(.constdata)
    OaksLab0_0                               0x0001e4b8   Data         512  tiles.o(.constdata)
    OaksLab0_1                               0x0001e6b8   Data         512  tiles.o(.constdata)
    OaksLab0_2                               0x0001e8b8   Data         512  tiles.o(.constdata)
    OaksLab0_3                               0x0001eab8   Data         512  tiles.o(.constdata)
    OaksLab0_4                               0x0001ecb8   Data         512  tiles.o(.constdata)
    OaksLab0_5                               0x0001eeb8   Data         512  tiles.o(.constdata)
    OaksLab0_6                               0x0001f0b8   Data         512  tiles.o(.constdata)
    OaksLab1_0                               0x0001f2b8   Data         512  tiles.o(.constdata)
    OaksLab1_1                               0x0001f4b8   Data         512  tiles.o(.constdata)
    OaksLab1_2                               0x0001f6b8   Data         512  tiles.o(.constdata)
    OaksLab1_3                               0x0001f8b8   Data         512  tiles.o(.constdata)
    OaksLab1_4                               0x0001fab8   Data         512  tiles.o(.constdata)
    OaksLab1_5                               0x0001fcb8   Data         512  tiles.o(.constdata)
    OaksLab1_6                               0x0001feb8   Data         512  tiles.o(.constdata)
    OaksLab2_0                               0x000200b8   Data         512  tiles.o(.constdata)
    OaksLab2_1                               0x000202b8   Data         512  tiles.o(.constdata)
    OaksLab2_5                               0x000204b8   Data         512  tiles.o(.constdata)
    OaksLab2_6                               0x000206b8   Data         512  tiles.o(.constdata)
    OaksLab3_0                               0x000208b8   Data         512  tiles.o(.constdata)
    OaksLab3_1                               0x00020ab8   Data         512  tiles.o(.constdata)
    OaksLab3_5                               0x00020cb8   Data         512  tiles.o(.constdata)
    OaksLab3_6                               0x00020eb8   Data         512  tiles.o(.constdata)
    OaksLab4_0                               0x000210b8   Data         512  tiles.o(.constdata)
    OaksLab4_1                               0x000212b8   Data         512  tiles.o(.constdata)
    OaksLab4_5                               0x000214b8   Data         512  tiles.o(.constdata)
    OaksLab4_6                               0x000216b8   Data         512  tiles.o(.constdata)
    MetalSign0_0                             0x000218b8   Data         512  tiles.o(.constdata)
    Mailbox0_0                               0x00021ab8   Data         512  tiles.o(.constdata)
    Mailbox1_0                               0x00021cb8   Data         512  tiles.o(.constdata)
    Flower0_0                                0x00021eb8   Data         512  tiles.o(.constdata)
    WoodSign0_0                              0x000220b8   Data         512  tiles.o(.constdata)
    DarkFloor                                0x000222b8   Data         512  tiles.o(.constdata)
    LightFloor                               0x000224b8   Data         512  tiles.o(.constdata)
    CarpetBL                                 0x000226b8   Data         512  tiles.o(.constdata)
    CarpetB                                  0x000228b8   Data         512  tiles.o(.constdata)
    CarpetBR                                 0x00022ab8   Data         512  tiles.o(.constdata)
    BedBL                                    0x00022cb8   Data         512  tiles.o(.constdata)
    BedB                                     0x00022eb8   Data         512  tiles.o(.constdata)
    BedBR                                    0x000230b8   Data         512  tiles.o(.constdata)
    CarpetL                                  0x000232b8   Data         512  tiles.o(.constdata)
    Carpet                                   0x000234b8   Data         512  tiles.o(.constdata)
    ConsoleB                                 0x000236b8   Data         512  tiles.o(.constdata)
    CarpetR                                  0x000238b8   Data         512  tiles.o(.constdata)
    BedL                                     0x00023ab8   Data         512  tiles.o(.constdata)
    Bed                                      0x00023cb8   Data         512  tiles.o(.constdata)
    BedR                                     0x00023eb8   Data         512  tiles.o(.constdata)
    ConsoleT                                 0x000240b8   Data         512  tiles.o(.constdata)
    XConsoleT                                0x000242b8   Data         512  tiles.o(.constdata)
    BedTL                                    0x000244b8   Data         512  tiles.o(.constdata)
    BedT                                     0x000246b8   Data         512  tiles.o(.constdata)
    BedTR                                    0x000248b8   Data         512  tiles.o(.constdata)
    CarpetTL                                 0x00024ab8   Data         512  tiles.o(.constdata)
    CarpetT                                  0x00024cb8   Data         512  tiles.o(.constdata)
    TVB                                      0x00024eb8   Data         512  tiles.o(.constdata)
    CarpetTR                                 0x000250b8   Data         512  tiles.o(.constdata)
    TVT                                      0x000252b8   Data         512  tiles.o(.constdata)
    StairsBL                                 0x000254b8   Data         512  tiles.o(.constdata)
    StairsB                                  0x000256b8   Data         512  tiles.o(.constdata)
    StairsBR                                 0x000258b8   Data         512  tiles.o(.constdata)
    DeskBL                                   0x00025ab8   Data         512  tiles.o(.constdata)
    DeskBR                                   0x00025cb8   Data         512  tiles.o(.constdata)
    ChestB                                   0x00025eb8   Data         512  tiles.o(.constdata)
    BookCaseBL                               0x000260b8   Data         512  tiles.o(.constdata)
    BookCaseBR                               0x000262b8   Data         512  tiles.o(.constdata)
    StairsL                                  0x000264b8   Data         512  tiles.o(.constdata)
    StairsM                                  0x000266b8   Data         512  tiles.o(.constdata)
    StairsR                                  0x000268b8   Data         512  tiles.o(.constdata)
    DeskTL                                   0x00026ab8   Data         512  tiles.o(.constdata)
    DeskTR                                   0x00026cb8   Data         512  tiles.o(.constdata)
    ChestT                                   0x00026eb8   Data         512  tiles.o(.constdata)
    BookCaseL                                0x000270b8   Data         512  tiles.o(.constdata)
    BookCaseR                                0x000272b8   Data         512  tiles.o(.constdata)
    WallB                                    0x000274b8   Data         512  tiles.o(.constdata)
    StairsTL                                 0x000276b8   Data         512  tiles.o(.constdata)
    CertifB                                  0x000278b8   Data         512  tiles.o(.constdata)
    CompT                                    0x00027ab8   Data         512  tiles.o(.constdata)
    WallT                                    0x00027cb8   Data         512  tiles.o(.constdata)
    BookCaseTL                               0x00027eb8   Data         512  tiles.o(.constdata)
    BookCaseTR                               0x000280b8   Data         512  tiles.o(.constdata)
    CertifT                                  0x000282b8   Data         512  tiles.o(.constdata)
    blank                                    0x000284b8   Data         512  tiles.o(.constdata)
    rHouse_0_0                               0x000286b8   Data         512  tiles.o(.constdata)
    rHouse_0_1                               0x000288b8   Data         512  tiles.o(.constdata)
    rHouse_0_2                               0x00028ab8   Data         512  tiles.o(.constdata)
    rHouse_0_3                               0x00028cb8   Data         512  tiles.o(.constdata)
    rHouse_0_4                               0x00028eb8   Data         512  tiles.o(.constdata)
    rHouse_1_0                               0x000290b8   Data         512  tiles.o(.constdata)
    rHouse_1_1                               0x000292b8   Data         512  tiles.o(.constdata)
    rHouse_1_2                               0x000294b8   Data         512  tiles.o(.constdata)
    rHouse_1_3                               0x000296b8   Data         512  tiles.o(.constdata)
    rHouse_1_4                               0x000298b8   Data         512  tiles.o(.constdata)
    rHouse_2_0                               0x00029ab8   Data         512  tiles.o(.constdata)
    rHouse_2_1                               0x00029cb8   Data         512  tiles.o(.constdata)
    rHouse_2_2                               0x00029eb8   Data         512  tiles.o(.constdata)
    rHouse_3_0                               0x0002a0b8   Data         512  tiles.o(.constdata)
    rHouse_3_1                               0x0002a2b8   Data         512  tiles.o(.constdata)
    rHouse_3_2                               0x0002a4b8   Data         512  tiles.o(.constdata)
    rHouse_4_0                               0x0002a6b8   Data         512  tiles.o(.constdata)
    rHouse_4_1                               0x0002a8b8   Data         512  tiles.o(.constdata)
    rHouse_4_2                               0x0002aab8   Data         512  tiles.o(.constdata)
    grass                                    0x0002acb8   Data         512  tiles.o(.constdata)
    wild                                     0x0002aeb8   Data         512  tiles.o(.constdata)
    EntBL                                    0x0002b0b8   Data         512  tiles.o(.constdata)
    EntB                                     0x0002b2b8   Data         512  tiles.o(.constdata)
    EntBR                                    0x0002b4b8   Data         512  tiles.o(.constdata)
    EntTL                                    0x0002b6b8   Data         512  tiles.o(.constdata)
    EntT                                     0x0002b8b8   Data         512  tiles.o(.constdata)
    EntTR                                    0x0002bab8   Data         512  tiles.o(.constdata)
    PlantB                                   0x0002bcb8   Data         512  tiles.o(.constdata)
    PlantT                                   0x0002beb8   Data         512  tiles.o(.constdata)
    ChairL                                   0x0002c0b8   Data         512  tiles.o(.constdata)
    TableBL                                  0x0002c2b8   Data         512  tiles.o(.constdata)
    TableBR                                  0x0002c4b8   Data         512  tiles.o(.constdata)
    ChairR                                   0x0002c6b8   Data         512  tiles.o(.constdata)
    TableTL                                  0x0002c8b8   Data         512  tiles.o(.constdata)
    TableTR                                  0x0002cab8   Data         512  tiles.o(.constdata)
    ThrowMatB                                0x0002ccb8   Data         512  tiles.o(.constdata)
    DownStairsBL                             0x0002ceb8   Data         512  tiles.o(.constdata)
    DownStairsBR                             0x0002d0b8   Data         512  tiles.o(.constdata)
    SinkBL                                   0x0002d2b8   Data         512  tiles.o(.constdata)
    SinkBR                                   0x0002d4b8   Data         512  tiles.o(.constdata)
    CabinetBL                                0x0002d6b8   Data         512  tiles.o(.constdata)
    CabinetBR                                0x0002d8b8   Data         512  tiles.o(.constdata)
    TelevB                                   0x0002dab8   Data         512  tiles.o(.constdata)
    ThrowMatT                                0x0002dcb8   Data         512  tiles.o(.constdata)
    DownStairsL                              0x0002deb8   Data         512  tiles.o(.constdata)
    DownStairR                               0x0002e0b8   Data         512  tiles.o(.constdata)
    SinkTL                                   0x0002e2b8   Data         512  tiles.o(.constdata)
    SinkTR                                   0x0002e4b8   Data         512  tiles.o(.constdata)
    CabinetL                                 0x0002e6b8   Data         512  tiles.o(.constdata)
    CabinetR                                 0x0002e8b8   Data         512  tiles.o(.constdata)
    TelevM                                   0x0002eab8   Data         512  tiles.o(.constdata)
    WindowBL                                 0x0002ecb8   Data         512  tiles.o(.constdata)
    WindowBR                                 0x0002eeb8   Data         512  tiles.o(.constdata)
    DownStairsTL                             0x0002f0b8   Data         512  tiles.o(.constdata)
    DownStairsTR                             0x0002f2b8   Data         512  tiles.o(.constdata)
    CabinetTL                                0x0002f4b8   Data         512  tiles.o(.constdata)
    CabinetTR                                0x0002f6b8   Data         512  tiles.o(.constdata)
    TelevT                                   0x0002f8b8   Data         512  tiles.o(.constdata)
    WindowTL                                 0x0002fab8   Data         512  tiles.o(.constdata)
    WindowTR                                 0x0002fcb8   Data         512  tiles.o(.constdata)
    cliff0_0                                 0x0002feb8   Data         512  tiles.o(.constdata)
    cliff0_1                                 0x000300b8   Data         512  tiles.o(.constdata)
    cliff0_2                                 0x000302b8   Data         512  tiles.o(.constdata)
    routepath1_0                             0x000304b8   Data         512  tiles.o(.constdata)
    routepath1_1                             0x000306b8   Data         512  tiles.o(.constdata)
    routepath1_2                             0x000308b8   Data         512  tiles.o(.constdata)
    routepath1_3                             0x00030ab8   Data         512  tiles.o(.constdata)
    routepath2_0                             0x00030cb8   Data         512  tiles.o(.constdata)
    routepath2_1                             0x00030eb8   Data         512  tiles.o(.constdata)
    routepath2_2                             0x000310b8   Data         512  tiles.o(.constdata)
    routepath2_3                             0x000312b8   Data         512  tiles.o(.constdata)
    InputPortMsg                             0x000314b8   Data          40  texas.o(.constdata)
    OutputPortMsg                            0x000314e0   Data          40  texas.o(.constdata)
    BlankMsg                                 0x00031508   Data          40  texas.o(.constdata)
    InitializedMsg                           0x00031530   Data          40  texas.o(.constdata)
    IntroMsg                                 0x00031558   Data          40  texas.o(.constdata)
    DoneMsg                                  0x00031580   Data          40  texas.o(.constdata)
    sBack                                    0x000315a8   Data        1984  people.o(.constdata)
    sForw                                    0x00031d68   Data        2112  people.o(.constdata)
    wForwL                                   0x000325a8   Data        2112  people.o(.constdata)
    wForwR                                   0x00032de8   Data        2112  people.o(.constdata)
    sLeft                                    0x00033628   Data        2048  people.o(.constdata)
    sRight                                   0x00033e28   Data        2048  people.o(.constdata)
    wRightL                                  0x00034628   Data        2112  people.o(.constdata)
    wRightR                                  0x00034e68   Data        2048  people.o(.constdata)
    wLeftL                                   0x00035668   Data        2112  people.o(.constdata)
    wLeftR                                   0x00035ea8   Data        2048  people.o(.constdata)
    wBackL                                   0x000366a8   Data        2048  people.o(.constdata)
    wBackR                                   0x00036ea8   Data        2112  people.o(.constdata)
    kid_wLeftL                               0x000376e8   Data         512  people.o(.constdata)
    kid_wLeftR                               0x000378e8   Data         512  people.o(.constdata)
    kid_wForwL                               0x00037ae8   Data         512  people.o(.constdata)
    kid_wBackR                               0x00037ce8   Data         512  people.o(.constdata)
    kid_sLeft                                0x00037ee8   Data         512  people.o(.constdata)
    kid_sRight                               0x000380e8   Data         512  people.o(.constdata)
    kid_sBack                                0x000382e8   Data         512  people.o(.constdata)
    kid_sForw                                0x000384e8   Data         512  people.o(.constdata)
    kid_wBack                                0x000386e8   Data         512  people.o(.constdata)
    oak_wLeftL                               0x000388e8   Data        1024  people.o(.constdata)
    oak_wLeftR                               0x00038ce8   Data        1024  people.o(.constdata)
    oak_wForwL                               0x000390e8   Data        1024  people.o(.constdata)
    oak_wBackR                               0x000394e8   Data        1024  people.o(.constdata)
    oak_sLeft                                0x000398e8   Data        1024  people.o(.constdata)
    oak_sRight                               0x00039ce8   Data        1024  people.o(.constdata)
    oak_sForw                                0x0003a0e8   Data        1024  people.o(.constdata)
    oak_sBack                                0x0003a4e8   Data        1024  people.o(.constdata)
    Player                                   0x0003a8e8   Data          88  people.o(.constdata)
    Region$$Table$$Base                      0x0003abc8   Number         0  anon$$obj.o(Region$$Table)
    Region$$Table$$Limit                     0x0003abe8   Number         0  anon$$obj.o(Region$$Table)
    Enemies                                  0x20000030   Data           4  pokebattle.o(.data)
    WildGrass                                0x20000034   Data          20  pokebattle.o(.data)
    types                                    0x20000048   Data          40  pokebattle.o(.data)
    ShiftMenu                                0x20000070   Data          64  pokebattle.o(.data)
    RunMenu                                  0x200000b0   Data          64  pokebattle.o(.data)
    ChangePokemon                            0x200000f0   Data          64  pokebattle.o(.data)
    BattleMenu                               0x20000130   Data         128  pokebattle.o(.data)
    MoveMenu                                 0x200001b0   Data         128  pokebattle.o(.data)
    PokemonMenu                              0x20000230   Data         224  pokebattle.o(.data)
    BagMenu                                  0x20000310   Data          32  pokebattle.o(.data)
    pokeball                                 0x20000340   Data           4  pokebattle.o(.data)
    CharmanderBack                           0x20000400   Data          12  pokemoninfo.o(.data)
    CharmanderFront                          0x2000040c   Data          12  pokemoninfo.o(.data)
    CharmanderIn1                            0x20000418   Data          12  pokemoninfo.o(.data)
    CharmanderIn2                            0x20000424   Data          12  pokemoninfo.o(.data)
    SquirtleBack                             0x20000430   Data          12  pokemoninfo.o(.data)
    SquirtleFront                            0x2000043c   Data          12  pokemoninfo.o(.data)
    SquirtleIn1                              0x20000448   Data          12  pokemoninfo.o(.data)
    SquirtleIn2                              0x20000454   Data          12  pokemoninfo.o(.data)
    BulbasaurBack                            0x20000460   Data          12  pokemoninfo.o(.data)
    BulbasaurFront                           0x2000046c   Data          12  pokemoninfo.o(.data)
    BulbasaurIn1                             0x20000478   Data          12  pokemoninfo.o(.data)
    PROF_OAK                                 0x20000484   Data          12  pokemoninfo.o(.data)
    NullIm                                   0x20000490   Data          12  pokemoninfo.o(.data)
    TAIL_WHIP                                0x2000049c   Data          12  pokemoninfo.o(.data)
    TACKLE                                   0x200004a8   Data          12  pokemoninfo.o(.data)
    BUBBLE                                   0x200004b4   Data          12  pokemoninfo.o(.data)
    WATER_GUN                                0x200004c0   Data          12  pokemoninfo.o(.data)
    HYDRO_PUMP                               0x200004cc   Data          12  pokemoninfo.o(.data)
    SCRATCH                                  0x200004d8   Data          12  pokemoninfo.o(.data)
    GROWL                                    0x200004e4   Data          12  pokemoninfo.o(.data)
    EMBER                                    0x200004f0   Data          12  pokemoninfo.o(.data)
    SLASH                                    0x200004fc   Data          12  pokemoninfo.o(.data)
    FLAMETHROWER                             0x20000508   Data          12  pokemoninfo.o(.data)
    LEECH_SEED                               0x20000514   Data          12  pokemoninfo.o(.data)
    VINE_WHIP                                0x20000520   Data          12  pokemoninfo.o(.data)
    RAZOR_LEAF                               0x2000052c   Data          12  pokemoninfo.o(.data)
    NULL                                     0x20000538   Data          12  pokemoninfo.o(.data)
    Pokeball                                 0x20000544   Data          12  pokemoninfo.o(.data)
    Squirtle                                 0x20000550   Data          96  pokestructs.o(.data)
    Charmander                               0x200005b0   Data          96  pokestructs.o(.data)
    Bulbasaur                                0x20000610   Data          96  pokestructs.o(.data)
    NullPk                                   0x20000670   Data          96  pokestructs.o(.data)
    StX                                      0x200006d0   Data           4  st7735.o(.data)
    StY                                      0x200006d4   Data           4  st7735.o(.data)
    StTextColor                              0x200006d8   Data           2  st7735.o(.data)
    lastj                                    0x200006e0   Data           4  st7735.o(.data)
    Messageindex                             0x200006e8   Data           4  st7735.o(.data)
    Ymax                                     0x200006ec   Data           4  st7735.o(.data)
    Ymin                                     0x200006f0   Data           4  st7735.o(.data)
    X                                        0x200006f4   Data           4  st7735.o(.data)
    Yrange                                   0x200006f8   Data           4  st7735.o(.data)
    PathBL                                   0x200006fc   Data          52  tiles.o(.data)
    PathBR                                   0x20000730   Data          52  tiles.o(.data)
    PathTL                                   0x20000764   Data          52  tiles.o(.data)
    PathTR                                   0x20000798   Data          52  tiles.o(.data)
    PathL                                    0x200007cc   Data          52  tiles.o(.data)
    PathR                                    0x20000800   Data          52  tiles.o(.data)
    PathT                                    0x20000834   Data          52  tiles.o(.data)
    PathB                                    0x20000868   Data          52  tiles.o(.data)
    Cliff0_0_T                               0x2000089c   Data          52  tiles.o(.data)
    Cliff0_1_T                               0x200008d0   Data          52  tiles.o(.data)
    Cliff0_2_T                               0x20000904   Data          52  tiles.o(.data)
    Grass                                    0x20000938   Data          52  tiles.o(.data)
    Wild                                     0x2000096c   Data          52  tiles.o(.data)
    Wild2                                    0x200009a0   Data          52  tiles.o(.data)
    Blank                                    0x200009d4   Data          52  tiles.o(.data)
    LightGrassTL                             0x20000a08   Data          52  tiles.o(.data)
    LightGrassTR                             0x20000a3c   Data          52  tiles.o(.data)
    LightGrassBL                             0x20000a70   Data          52  tiles.o(.data)
    LightGrassBR                             0x20000aa4   Data          52  tiles.o(.data)
    LightGrassL                              0x20000ad8   Data          52  tiles.o(.data)
    LightGrassR                              0x20000b0c   Data          52  tiles.o(.data)
    LightGrassT                              0x20000b40   Data          52  tiles.o(.data)
    LightGrassB                              0x20000b74   Data          52  tiles.o(.data)
    LightGrass                               0x20000ba8   Data          52  tiles.o(.data)
    WaterTL                                  0x20000bdc   Data          52  tiles.o(.data)
    WaterTR                                  0x20000c10   Data          52  tiles.o(.data)
    WaterL                                   0x20000c44   Data          52  tiles.o(.data)
    Water                                    0x20000c78   Data          52  tiles.o(.data)
    WaterR                                   0x20000cac   Data          52  tiles.o(.data)
    WaterT                                   0x20000ce0   Data          52  tiles.o(.data)
    DarkFloor_T                              0x20000d14   Data          52  tiles.o(.data)
    LightFloor_T                             0x20000d48   Data          52  tiles.o(.data)
    CarpetBL_T                               0x20000d7c   Data          52  tiles.o(.data)
    CarpetB_T                                0x20000db0   Data          52  tiles.o(.data)
    CarpetBR_T                               0x20000de4   Data          52  tiles.o(.data)
    CarpetL_T                                0x20000e18   Data          52  tiles.o(.data)
    Carpet_T                                 0x20000e4c   Data          52  tiles.o(.data)
    ConsoleB_T                               0x20000e80   Data          52  tiles.o(.data)
    CarpetR_T                                0x20000eb4   Data          52  tiles.o(.data)
    BedBL_T                                  0x20000ee8   Data          52  tiles.o(.data)
    BedB_T                                   0x20000f1c   Data          52  tiles.o(.data)
    BedBR_T                                  0x20000f50   Data          52  tiles.o(.data)
    BedL_T                                   0x20000f84   Data          52  tiles.o(.data)
    Bed_T                                    0x20000fb8   Data          52  tiles.o(.data)
    BedR_T                                   0x20000fec   Data          52  tiles.o(.data)
    BedTL_T                                  0x20001020   Data          52  tiles.o(.data)
    BedT_T                                   0x20001054   Data          52  tiles.o(.data)
    BedTR_T                                  0x20001088   Data          52  tiles.o(.data)
    ConsoleT_T                               0x200010bc   Data          52  tiles.o(.data)
    CarpetTL_T                               0x200010f0   Data          52  tiles.o(.data)
    CarpetT_T                                0x20001124   Data          52  tiles.o(.data)
    TVB_T                                    0x20001158   Data          52  tiles.o(.data)
    CarpetTR_T                               0x2000118c   Data          52  tiles.o(.data)
    TVT_T                                    0x200011c0   Data          52  tiles.o(.data)
    StairsBL_T                               0x200011f4   Data          52  tiles.o(.data)
    StairsB_T                                0x20001228   Data          52  tiles.o(.data)
    StairsBR_T                               0x2000125c   Data          52  tiles.o(.data)
    StairsL_T                                0x20001290   Data          52  tiles.o(.data)
    StairsM_T                                0x200012c4   Data          52  tiles.o(.data)
    StairsR_T                                0x200012f8   Data          52  tiles.o(.data)
    DeskBL_T                                 0x2000132c   Data          52  tiles.o(.data)
    DeskBR_T                                 0x20001360   Data          52  tiles.o(.data)
    ChestB_T                                 0x20001394   Data          52  tiles.o(.data)
    BookCaseBL_T                             0x200013c8   Data          52  tiles.o(.data)
    BookCaseBR_T                             0x200013fc   Data          52  tiles.o(.data)
    DeskTL_T                                 0x20001430   Data          52  tiles.o(.data)
    DeskTR_T                                 0x20001464   Data          52  tiles.o(.data)
    ChestT_T                                 0x20001498   Data          52  tiles.o(.data)
    BookCaseL_T                              0x200014cc   Data          52  tiles.o(.data)
    BookCaseR_T                              0x20001500   Data          52  tiles.o(.data)
    WallB_T                                  0x20001534   Data          52  tiles.o(.data)
    StairsTL_T                               0x20001568   Data          52  tiles.o(.data)
    CertifB_T                                0x2000159c   Data          52  tiles.o(.data)
    CompT_T                                  0x200015d0   Data          52  tiles.o(.data)
    WallT_T                                  0x20001604   Data          52  tiles.o(.data)
    BookCaseTL_T                             0x20001638   Data          52  tiles.o(.data)
    BookCaseTR_T                             0x2000166c   Data          52  tiles.o(.data)
    CertifT_T                                0x200016a0   Data          52  tiles.o(.data)
    AshMbx                                   0x200016d4   Data         104  tiles.o(.data)
    GryMbx                                   0x2000173c   Data         104  tiles.o(.data)
    PalletExitL                              0x200017a4   Data          52  tiles.o(.data)
    PalletExitR                              0x200017d8   Data          52  tiles.o(.data)
    WoodSign                                 0x2000180c   Data          52  tiles.o(.data)
    WoodSign2                                0x20001840   Data          52  tiles.o(.data)
    FenceO                                   0x20001874   Data          52  tiles.o(.data)
    FenceOB                                  0x200018a8   Data          52  tiles.o(.data)
    MetalSign                                0x200018dc   Data          52  tiles.o(.data)
    Flower                                   0x20001910   Data          52  tiles.o(.data)
    RedH                                     0x20001944   Data        1300  tiles.o(.data)
    Lab                                      0x20001e58   Data        1820  tiles.o(.data)
    Tree                                     0x20002574   Data         312  tiles.o(.data)
    Forest                                   0x200026ac   Data         312  tiles.o(.data)
    EntBL_T                                  0x200027e4   Data          52  tiles.o(.data)
    EntB_T                                   0x20002818   Data          52  tiles.o(.data)
    EntBR_T                                  0x2000284c   Data          52  tiles.o(.data)
    EntTL_T                                  0x20002880   Data          52  tiles.o(.data)
    EntT_T                                   0x200028b4   Data          52  tiles.o(.data)
    EntTR_T                                  0x200028e8   Data          52  tiles.o(.data)
    PlantDarkB_T                             0x2000291c   Data          52  tiles.o(.data)
    PlantDarkT_T                             0x20002950   Data          52  tiles.o(.data)
    PlantLightB_T                            0x20002984   Data          52  tiles.o(.data)
    PlantLightT_T                            0x200029b8   Data          52  tiles.o(.data)
    ChairL_T                                 0x200029ec   Data          52  tiles.o(.data)
    TableBL_T                                0x20002a20   Data          52  tiles.o(.data)
    TableBR_T                                0x20002a54   Data          52  tiles.o(.data)
    ChairR_T                                 0x20002a88   Data          52  tiles.o(.data)
    TableTL_T                                0x20002abc   Data          52  tiles.o(.data)
    TableTR_T                                0x20002af0   Data          52  tiles.o(.data)
    ThrowMatB_T                              0x20002b24   Data          52  tiles.o(.data)
    DownStairsBL_T                           0x20002b58   Data          52  tiles.o(.data)
    DownStairsBR_T                           0x20002b8c   Data          52  tiles.o(.data)
    SinkBL_T                                 0x20002bc0   Data          52  tiles.o(.data)
    SinkBR_T                                 0x20002bf4   Data          52  tiles.o(.data)
    CabinetBL_T                              0x20002c28   Data          52  tiles.o(.data)
    CabinetBR_T                              0x20002c5c   Data          52  tiles.o(.data)
    TelevB_T                                 0x20002c90   Data          52  tiles.o(.data)
    ThrowMatT_T                              0x20002cc4   Data          52  tiles.o(.data)
    DownStairsL_T                            0x20002cf8   Data          52  tiles.o(.data)
    DownStairsR_T                            0x20002d2c   Data          52  tiles.o(.data)
    SinkTL_T                                 0x20002d60   Data          52  tiles.o(.data)
    SinkTR_T                                 0x20002d94   Data          52  tiles.o(.data)
    CabinetL_T                               0x20002dc8   Data          52  tiles.o(.data)
    CabinetR_T                               0x20002dfc   Data          52  tiles.o(.data)
    TelevM_T                                 0x20002e30   Data          52  tiles.o(.data)
    WindowBL_T                               0x20002e64   Data          52  tiles.o(.data)
    WindowBR_T                               0x20002e98   Data          52  tiles.o(.data)
    DownStairsTL_T                           0x20002ecc   Data          52  tiles.o(.data)
    DownStairsTR_T                           0x20002f00   Data          52  tiles.o(.data)
    CabinetTL_T                              0x20002f34   Data          52  tiles.o(.data)
    CabinetTR_T                              0x20002f68   Data          52  tiles.o(.data)
    TelevT_T                                 0x20002f9c   Data          52  tiles.o(.data)
    WindowTL_T                               0x20002fd0   Data          52  tiles.o(.data)
    WindowTR_T                               0x20003004   Data          52  tiles.o(.data)
    TExaS_Period                             0x20003038   Data           4  texas.o(.data)
    TExaS_Ports                              0x2000303c   Data           8  texas.o(.data)
    TExaS_Meter                              0x20003044   Data           4  texas.o(.data)
    ADCnum                                   0x20003048   Data           4  texas.o(.data)
    LastMode                                 0x2000304c   Data           4  texas.o(.data)
    bFlag                                    0x20003050   Data           4  texas.o(.data)
    Count                                    0x20003054   Data           4  texas.o(.data)
    DelayBetweenTests                        0x20003058   Data           4  texas.o(.data)
    TExaS_Test                               0x2000305c   Data           4  texas.o(.data)
    ScopeMode                                0x20003060   Data           4  texas.o(.data)
    ScopeCount                               0x20003064   Data           4  texas.o(.data)
    ProfOakX_b                               0x20003068   Data          88  people.o(.data)
    ProfOakX                                 0x200030c0   Data          88  people.o(.data)
    Prof_Oak                                 0x20003118   Data          88  people.o(.data)
    Player_b                                 0x20003170   Data          88  people.o(.data)
    GARY_b                                   0x200031c8   Data          88  people.o(.data)
    GARY                                     0x20003220   Data          88  people.o(.data)
    TExaS                                    0x20005208   Data          56  texas.o(.bss)
    __libspace_start                         0x20005240   Data          96  libspace.o(.bss)
    __temporary_stack_top$libspace           0x200052a0   Data           0  libspace.o(.bss)



==============================================================================

Memory Map of the image

  Image Entry point : 0x0000026d

  Load Region LR_1 (Base: 0x00000000, Size: 0x0003de64, Max: 0xffffffff, ABSOLUTE, COMPRESSED[0x0003b2a4])

    Execution Region ER_RO (Base: 0x00000000, Size: 0x0003abe8, Max: 0xffffffff, ABSOLUTE)

    Base Addr    Size         Type   Attr      Idx    E Section Name        Object

    0x00000000   0x00000284   Code   RO          942  * RESET               startup.o
    0x00000284   0x00000008   Code   RO         1010  * !!!main             c_w.l(__main.o)
    0x0000028c   0x00000034   Code   RO         1197    !!!scatter          c_w.l(__scatter.o)
    0x000002c0   0x0000005a   Code   RO         1195    !!dczerorl2         c_w.l(__dczerorl2.o)
    0x0000031a   0x00000002   PAD
    0x0000031c   0x0000001c   Code   RO         1199    !!handler_zi        c_w.l(__scatter_zi.o)
    0x00000338   0x00000002   Code   RO         1068    .ARM.Collect$$libinit$$00000000  c_w.l(libinit.o)
    0x0000033a   0x00000000   Code   RO         1075    .ARM.Collect$$libinit$$00000002  c_w.l(libinit2.o)
    0x0000033a   0x00000000   Code   RO         1078    .ARM.Collect$$libinit$$00000008  c_w.l(libinit2.o)
    0x0000033a   0x00000000   Code   RO         1080    .ARM.Collect$$libinit$$0000000A  c_w.l(libinit2.o)
    0x0000033a   0x00000000   Code   RO         1082    .ARM.Collect$$libinit$$0000000C  c_w.l(libinit2.o)
    0x0000033a   0x00000000   Code   RO         1085    .ARM.Collect$$libinit$$0000000F  c_w.l(libinit2.o)
    0x0000033a   0x00000000   Code   RO         1087    .ARM.Collect$$libinit$$00000011  c_w.l(libinit2.o)
    0x0000033a   0x00000000   Code   RO         1089    .ARM.Collect$$libinit$$00000013  c_w.l(libinit2.o)
    0x0000033a   0x00000000   Code   RO         1091    .ARM.Collect$$libinit$$00000015  c_w.l(libinit2.o)
    0x0000033a   0x00000000   Code   RO         1093    .ARM.Collect$$libinit$$00000017  c_w.l(libinit2.o)
    0x0000033a   0x00000000   Code   RO         1095    .ARM.Collect$$libinit$$00000019  c_w.l(libinit2.o)
    0x0000033a   0x00000000   Code   RO         1097    .ARM.Collect$$libinit$$0000001B  c_w.l(libinit2.o)
    0x0000033a   0x00000000   Code   RO         1099    .ARM.Collect$$libinit$$0000001D  c_w.l(libinit2.o)
    0x0000033a   0x00000000   Code   RO         1101    .ARM.Collect$$libinit$$0000001F  c_w.l(libinit2.o)
    0x0000033a   0x00000000   Code   RO         1103    .ARM.Collect$$libinit$$00000021  c_w.l(libinit2.o)
    0x0000033a   0x00000000   Code   RO         1105    .ARM.Collect$$libinit$$00000023  c_w.l(libinit2.o)
    0x0000033a   0x00000000   Code   RO         1109    .ARM.Collect$$libinit$$0000002A  c_w.l(libinit2.o)
    0x0000033a   0x00000000   Code   RO         1111    .ARM.Collect$$libinit$$0000002C  c_w.l(libinit2.o)
    0x0000033a   0x00000000   Code   RO         1113    .ARM.Collect$$libinit$$0000002E  c_w.l(libinit2.o)
    0x0000033a   0x00000000   Code   RO         1115    .ARM.Collect$$libinit$$00000030  c_w.l(libinit2.o)
    0x0000033a   0x00000002   Code   RO         1116    .ARM.Collect$$libinit$$00000031  c_w.l(libinit2.o)
    0x0000033c   0x00000002   Code   RO         1136    .ARM.Collect$$libshutdown$$00000000  c_w.l(libshutdown.o)
    0x0000033e   0x00000000   Code   RO         1150    .ARM.Collect$$libshutdown$$00000003  c_w.l(libshutdown2.o)
    0x0000033e   0x00000000   Code   RO         1153    .ARM.Collect$$libshutdown$$00000006  c_w.l(libshutdown2.o)
    0x0000033e   0x00000000   Code   RO         1156    .ARM.Collect$$libshutdown$$00000009  c_w.l(libshutdown2.o)
    0x0000033e   0x00000000   Code   RO         1158    .ARM.Collect$$libshutdown$$0000000B  c_w.l(libshutdown2.o)
    0x0000033e   0x00000000   Code   RO         1161    .ARM.Collect$$libshutdown$$0000000E  c_w.l(libshutdown2.o)
    0x0000033e   0x00000002   Code   RO         1162    .ARM.Collect$$libshutdown$$0000000F  c_w.l(libshutdown2.o)
    0x00000340   0x00000000   Code   RO         1036    .ARM.Collect$$rtentry$$00000000  c_w.l(rtentry.o)
    0x00000340   0x00000000   Code   RO         1045    .ARM.Collect$$rtentry$$00000002  c_w.l(rtentry2.o)
    0x00000340   0x00000006   Code   RO         1057    .ARM.Collect$$rtentry$$00000004  c_w.l(rtentry4.o)
    0x00000346   0x00000000   Code   RO         1047    .ARM.Collect$$rtentry$$00000009  c_w.l(rtentry2.o)
    0x00000346   0x00000004   Code   RO         1048    .ARM.Collect$$rtentry$$0000000A  c_w.l(rtentry2.o)
    0x0000034a   0x00000000   Code   RO         1050    .ARM.Collect$$rtentry$$0000000C  c_w.l(rtentry2.o)
    0x0000034a   0x00000008   Code   RO         1051    .ARM.Collect$$rtentry$$0000000D  c_w.l(rtentry2.o)
    0x00000352   0x00000002   Code   RO         1072    .ARM.Collect$$rtexit$$00000000  c_w.l(rtexit.o)
    0x00000354   0x00000000   Code   RO         1118    .ARM.Collect$$rtexit$$00000002  c_w.l(rtexit2.o)
    0x00000354   0x00000004   Code   RO         1119    .ARM.Collect$$rtexit$$00000003  c_w.l(rtexit2.o)
    0x00000358   0x00000006   Code   RO         1120    .ARM.Collect$$rtexit$$00000004  c_w.l(rtexit2.o)
    0x0000035e   0x00000002   PAD
    0x00000360   0x00000050   Code   RO          932    .text               lcd.o
    0x000003b0   0x00000040   Code   RO          937    .text               random.o
    0x000003f0   0x00000030   Code   RO          943    .text               startup.o
    0x00000420   0x000004a0   Code   RO          949    .text               texas.o
    0x000008c0   0x00000064   Code   RO         1006    .text               c_w.l(rt_memcpy_w.o)
    0x00000924   0x00000006   Code   RO         1008    .text               c_w.l(heapauxi.o)
    0x0000092a   0x0000004a   Code   RO         1059    .text               c_w.l(sys_stackheap_outer.o)
    0x00000974   0x0000000c   Code   RO         1061    .text               c_w.l(exit.o)
    0x00000980   0x00000008   Code   RO         1069    .text               c_w.l(libspace.o)
    0x00000988   0x0000000c   Code   RO         1128    .text               c_w.l(sys_exit.o)
    0x00000994   0x00000002   Code   RO         1139    .text               c_w.l(use_no_semi.o)
    0x00000996   0x00000000   Code   RO         1141    .text               c_w.l(indicate_semi.o)
    0x00000996   0x00000002   PAD
    0x00000998   0x00000010   Code   RO          193    i.AisPushed         joystick.o
    0x000009a8   0x00000038   Code   RO          257    i.BagMenu_CANCEL    pokebattle.o
    0x000009e0   0x00000070   Code   RO          258    i.BagMenu_Controller  pokebattle.o
    0x00000a50   0x000000b0   Code   RO          259    i.BagMenu_MoveCursor  pokebattle.o
    0x00000b00   0x00000090   Code   RO          260    i.BagMenu_POKEBALL  pokebattle.o
    0x00000b90   0x0000000a   Code   RO          261    i.BattleMenu_BAG    pokebattle.o
    0x00000b9a   0x0000000e   Code   RO          262    i.BattleMenu_FIGHT  pokebattle.o
    0x00000ba8   0x0000000a   Code   RO          263    i.BattleMenu_POKEMON  pokebattle.o
    0x00000bb2   0x00000002   PAD
    0x00000bb4   0x0000001c   Code   RO          264    i.BattleMenu_RUN    pokebattle.o
    0x00000bd0   0x000002b8   Code   RO          265    i.Battle_EndConditions  pokebattle.o
    0x00000e88   0x00000088   Code   RO          266    i.Battle_ExitScreen  pokebattle.o
    0x00000f10   0x000001e4   Code   RO          267    i.Battle_Init       pokebattle.o
    0x000010f4   0x00000448   Code   RO          268    i.Battle_LoadScreen  pokebattle.o
    0x0000153c   0x000000c8   Code   RO          269    i.Battle_RunFSM     pokebattle.o
    0x00001604   0x00000358   Code   RO          270    i.Battle_RunFightSequence  pokebattle.o
    0x0000195c   0x000000b0   Code   RO          271    i.Battle_UpdateEnemyHealth  pokebattle.o
    0x00001a0c   0x00000070   Code   RO          272    i.Battle_UpdateExp  pokebattle.o
    0x00001a7c   0x00000070   Code   RO          273    i.Battle_UpdateUserHealth  pokebattle.o
    0x00001aec   0x00000010   Code   RO          194    i.BisPushed         joystick.o
    0x00001afc   0x0000005c   Code   RO          195    i.ButtonsAB_Init    joystick.o
    0x00001b58   0x0000000a   Code   RO          274    i.ChangePokemon_NO  pokebattle.o
    0x00001b62   0x0000000a   Code   RO          275    i.ChangePokemon_YES  pokebattle.o
    0x00001b6c   0x00000094   Code   RO          104    i.CheckForAction    graphics.o
    0x00001c00   0x000001e4   Code   RO          105    i.CheckForPlayerBattle  graphics.o
    0x00001de4   0x00000014   Code   RO            1    i.Delay             actions.o
    0x00001df8   0x00000014   Code   RO          276    i.Delay1            pokebattle.o
    0x00001e0c   0x00000020   Code   RO          636    i.Delay1ms          st7735.o
    0x00001e2c   0x00000030   Code   RO          277    i.Fire              pokebattle.o
    0x00001e5c   0x000000b8   Code   RO          278    i.FourOptionMenu_Controller  pokebattle.o
    0x00001f14   0x0000014c   Code   RO          279    i.FourOptionMenu_MoveCursor  pokebattle.o
    0x00002060   0x0000001a   Code   RO            2    i.GoDownstairs      actions.o
    0x0000207a   0x0000001a   Code   RO            3    i.GoInside          actions.o
    0x00002094   0x0000001a   Code   RO            4    i.GoOutside         actions.o
    0x000020ae   0x0000001a   Code   RO            5    i.GoToPallet        actions.o
    0x000020c8   0x0000001a   Code   RO            6    i.GoToRoute1        actions.o
    0x000020e2   0x0000001a   Code   RO            7    i.GoUpstairs        actions.o
    0x000020fc   0x00000030   Code   RO          280    i.Grass             pokebattle.o
    0x0000212c   0x00000038   Code   RO          196    i.Joystick_In       joystick.o
    0x00002164   0x000000f4   Code   RO          197    i.Joystick_Init     joystick.o
    0x00002258   0x00000040   Code   RO          198    i.Joystick_getDirection  joystick.o
    0x00002298   0x00000090   Code   RO          106    i.Map_Init          graphics.o
    0x00002328   0x000001bc   Code   RO          107    i.Move              graphics.o
    0x000024e4   0x00000038   Code   RO          281    i.MoveMenu_CANCEL   pokebattle.o
    0x0000251c   0x000001cc   Code   RO          282    i.MoveMenu_USEMOVE  pokebattle.o
    0x000026e8   0x00000002   Code   RO            8    i.None              actions.o
    0x000026ea   0x00000016   Code   RO          639    i.Output_Init       st7735.o
    0x00002700   0x00000038   Code   RO          283    i.PokemonMenu_CANCEL  pokebattle.o
    0x00002738   0x00000070   Code   RO          284    i.PokemonMenu_Controller  pokebattle.o
    0x000027a8   0x000002a4   Code   RO          285    i.PokemonMenu_Highlight  pokebattle.o
    0x00002a4c   0x0000013c   Code   RO          286    i.PokemonMenu_MoveSpots  pokebattle.o
    0x00002b88   0x0000001c   Code   RO          287    i.PokemonMenu_SPOTX  pokebattle.o
    0x00002ba4   0x0000007c   Code   RO          108    i.Reload_Map        graphics.o
    0x00002c20   0x0000000a   Code   RO          288    i.RunMenu_NO        pokebattle.o
    0x00002c2a   0x0000000a   Code   RO          289    i.RunMenu_YES       pokebattle.o
    0x00002c34   0x00000018   Code   RO          642    i.ST7735_Color565   st7735.o
    0x00002c4c   0x00000120   Code   RO          643    i.ST7735_DrawBitmap  st7735.o
    0x00002d6c   0x00000076   Code   RO          644    i.ST7735_DrawBitmapT  st7735.o
    0x00002de2   0x00000002   PAD
    0x00002de4   0x0000010c   Code   RO          645    i.ST7735_DrawChar   st7735.o
    0x00002ef0   0x0000007c   Code   RO          647    i.ST7735_DrawFastHLine  st7735.o
    0x00002f6c   0x0000007c   Code   RO          648    i.ST7735_DrawFastVLine  st7735.o
    0x00002fe8   0x00000048   Code   RO          649    i.ST7735_DrawPixel  st7735.o
    0x00003030   0x000000ac   Code   RO          651    i.ST7735_FillRect   st7735.o
    0x000030dc   0x00000024   Code   RO          652    i.ST7735_FillScreen  st7735.o
    0x00003100   0x0000007c   Code   RO          654    i.ST7735_InitR      st7735.o
    0x0000317c   0x00000484   Code   RO          667    i.ST7735_PrintMap   st7735.o
    0x00003600   0x000000b2   Code   RO          668    i.ST7735_PrintPerson  st7735.o
    0x000036b2   0x00000002   PAD
    0x000036b4   0x00000020   Code   RO          669    i.ST7735_SetCursor  st7735.o
    0x000036d4   0x000000d4   Code   RO          670    i.ST7735_SetRotation  st7735.o
    0x000037a8   0x00000130   Code   RO            9    i.Say               actions.o
    0x000038d8   0x000000e8   Code   RO          290    i.SayDialogue       pokebattle.o
    0x000039c0   0x00000180   Code   RO          109    i.SetPersonLinks    graphics.o
    0x00003b40   0x0000000a   Code   RO          291    i.ShiftMenu_CANCEL  pokebattle.o
    0x00003b4a   0x00000002   PAD
    0x00003b4c   0x000000ec   Code   RO          292    i.ShiftMenu_SHIFT   pokebattle.o
    0x00003c38   0x00000010   Code   RO          293    i.ShiftMenu_SHIFT_  pokebattle.o
    0x00003c48   0x00000034   Code   RO           10    i.SpawnWild         actions.o
    0x00003c7c   0x000000b8   Code   RO          110    i.Speak             graphics.o
    0x00003d34   0x000000f0   Code   RO          294    i.TwoOptionMenu_Controller  pokebattle.o
    0x00003e24   0x000001dc   Code   RO          295    i.TwoOptionMenu_MoveCursor  pokebattle.o
    0x00004000   0x00000090   Code   RO          986    i.UART_Init         uart.o
    0x00004090   0x00000018   Code   RO          987    i.UART_PlaySound    uart.o
    0x000040a8   0x00000030   Code   RO          296    i.Water             pokebattle.o
    0x000040d8   0x00000070   Code   RO          111    i.atEdge            graphics.o
    0x00004148   0x000001c8   Code   RO          297    i.calcDam           pokebattle.o
    0x00004310   0x00000088   Code   RO          298    i.catchError        pokebattle.o
    0x00004398   0x0000019c   Code   RO          299    i.chooseSTATUS      pokebattle.o
    0x00004534   0x00000056   Code   RO          673    i.commandList       st7735.o
    0x0000458a   0x00000002   PAD
    0x0000458c   0x00000184   Code   RO          674    i.commonInit        st7735.o
    0x00004710   0x0000005c   Code   RO          300    i.cvString          pokebattle.o
    0x0000476c   0x00000094   Code   RO          587    i.main              pokemon.o
    0x00004800   0x0000001c   Code   RO          112    i.oppositeDir       graphics.o
    0x0000481c   0x00000018   Code   RO          301    i.pop               pokebattle.o
    0x00004834   0x0000011c   Code   RO          302    i.printBagMenu      pokebattle.o
    0x00004950   0x000000fc   Code   RO          303    i.printBattleMenu   pokebattle.o
    0x00004a4c   0x00000060   Code   RO          304    i.printBattleScreen  pokebattle.o
    0x00004aac   0x000000b8   Code   RO          305    i.printDialogue     pokebattle.o
    0x00004b64   0x00000098   Code   RO          306    i.printEmptyPokemonBox  pokebattle.o
    0x00004bfc   0x000001d8   Code   RO          307    i.printEnemyHealthBox  pokebattle.o
    0x00004dd4   0x0000005c   Code   RO          308    i.printHP           pokebattle.o
    0x00004e30   0x000000f4   Code   RO          309    i.printMoveMenu     pokebattle.o
    0x00004f24   0x00000030   Code   RO          310    i.printPPMenu       pokebattle.o
    0x00004f54   0x000001a8   Code   RO          311    i.printPokemonMenu  pokebattle.o
    0x000050fc   0x0000013c   Code   RO          312    i.printRect         pokebattle.o
    0x00005238   0x00000108   Code   RO          313    i.printTwoOptionMenu  pokebattle.o
    0x00005340   0x00000204   Code   RO          314    i.printUserHealthBox  pokebattle.o
    0x00005544   0x00000018   Code   RO          315    i.push              pokebattle.o
    0x0000555c   0x00000012   Code   RO          679    i.pushColor         st7735.o
    0x0000556e   0x00000002   PAD
    0x00005570   0x00000074   Code   RO          680    i.setAddrWindow     st7735.o
    0x000055e4   0x0000003c   Code   RO          113    i.setDir            graphics.o
    0x00005620   0x00000090   Code   RO          114    i.spaceOccupied     graphics.o
    0x000056b0   0x00000184   Code   RO          316    i.switchEnemyPokemon  pokebattle.o
    0x00005834   0x00000274   Code   RO          317    i.throwPokeBall     pokebattle.o
    0x00005aa8   0x00000150   Code   RO         1012    x$fpl$dadd          fz_ws.l(daddsub_clz.o)
    0x00005bf8   0x00000018   Code   RO         1037    x$fpl$dcmpinf       fz_ws.l(dcmpi.o)
    0x00005c10   0x000002b0   Code   RO         1019    x$fpl$ddiv          fz_ws.l(ddiv.o)
    0x00005ec0   0x00000078   Code   RO         1022    x$fpl$deqf          fz_ws.l(deqf.o)
    0x00005f38   0x0000005e   Code   RO         1024    x$fpl$dfix          fz_ws.l(dfix.o)
    0x00005f96   0x0000002e   Code   RO         1029    x$fpl$dflt          fz_ws.l(dflt_clz.o)
    0x00005fc4   0x00000026   Code   RO         1028    x$fpl$dfltu         fz_ws.l(dflt_clz.o)
    0x00005fea   0x00000002   PAD
    0x00005fec   0x00000154   Code   RO         1034    x$fpl$dmul          fz_ws.l(dmul.o)
    0x00006140   0x0000009c   Code   RO         1039    x$fpl$dnaninf       fz_ws.l(dnaninf.o)
    0x000061dc   0x0000000c   Code   RO         1041    x$fpl$dretinf       fz_ws.l(dretinf.o)
    0x000061e8   0x00000016   Code   RO         1013    x$fpl$drsb          fz_ws.l(daddsub_clz.o)
    0x000061fe   0x00000002   PAD
    0x00006200   0x000001d4   Code   RO         1014    x$fpl$dsub          fz_ws.l(daddsub_clz.o)
    0x000063d4   0x00000000   Code   RO         1043    x$fpl$usenofp       fz_ws.l(usenofp.o)
    0x000063d4   0x0000ada0   Data   RO           97    .constdata          battleimages.o
    0x00011174   0x00004080   Data   RO          237    .constdata          maps.o
    0x000151f4   0x000052e2   Data   RO          605    .constdata          pokemoninfo.o
    0x0001a4d6   0x000007e2   Data   RO          682    .constdata          st7735.o
    0x0001acb8   0x00016800   Data   RO          921    .constdata          tiles.o
    0x000314b8   0x000000f0   Data   RO          951    .constdata          texas.o
    0x000315a8   0x00009398   Data   RO          966    .constdata          people.o
    0x0003a940   0x000000b9   Data   RO          922    .conststring        tiles.o
    0x0003a9f9   0x00000063   Data   RO          967    .conststring        people.o
    0x0003aa5c   0x0000005c   Data   RO          319    .conststrlit        pokebattle.o
    0x0003aab8   0x0000008d   Data   RO          606    .conststrlit        pokemoninfo.o
    0x0003ab45   0x00000024   Data   RO          622    .conststrlit        pokestructs.o
    0x0003ab69   0x0000005c   Data   RO          968    .conststrlit        people.o
    0x0003abc5   0x00000003   PAD
    0x0003abc8   0x00000020   Data   RO         1193    Region$$Table       anon$$obj.o


    Execution Region ER_RW (Base: 0x20000000, Size: 0x0000327c, Max: 0xffffffff, ABSOLUTE, COMPRESSED[0x000006bc])

    Base Addr    Size         Type   Attr      Idx    E Section Name        Object

    0x20000000   0x0000002c   Data   RW          116    .data               graphics.o
    0x2000002c   0x00000004   Data   RW          199    .data               joystick.o
    0x20000030   0x000003c4   Data   RW          320    .data               pokebattle.o
    0x200003f4   0x0000000c   Data   RW          588    .data               pokemon.o
    0x20000400   0x00000150   Data   RW          607    .data               pokemoninfo.o
    0x20000550   0x00000180   Data   RW          623    .data               pokestructs.o
    0x200006d0   0x0000002c   Data   RW          683    .data               st7735.o
    0x200006fc   0x0000293c   Data   RW          923    .data               tiles.o
    0x20003038   0x00000030   Data   RW          952    .data               texas.o
    0x20003068   0x00000210   Data   RW          969    .data               people.o
    0x20003278   0x00000004   Data   RW          936    DATA                random.o


    Execution Region ER_ZI (Base: 0x2000327c, Size: 0x00002424, Max: 0xffffffff, ABSOLUTE)

    Base Addr    Size         Type   Attr      Idx    E Section Name        Object

    0x2000327c   0x00001a48   Zero   RW          115    .bss                graphics.o
    0x20004cc4   0x00000544   Zero   RW          318    .bss                pokebattle.o
    0x20005208   0x00000038   Zero   RW          950    .bss                texas.o
    0x20005240   0x00000060   Zero   RW         1070    .bss                c_w.l(libspace.o)
    0x200052a0   0x00000000   Zero   RW          941    HEAP                startup.o
    0x200052a0   0x00000400   Zero   RW          940    STACK               startup.o


==============================================================================

Image component sizes


      Code (inc. data)   RO Data    RW Data    ZI Data      Debug   Object Name

       534         10          0          0          0      10814   actions.o
         0          0      44448          0          0       1106   battleimages.o
      2256        230          0         44       6728       8584   graphics.o
       488         62          0          4          0       3163   joystick.o
        80         12          0          0          0        252   lcd.o
         0          0      16512          0          0       2269   maps.o
         0          0      37975        528          0       2058   people.o
     13556       2120         92        964       1348      36745   pokebattle.o
       148         14          0         12          0        663   pokemon.o
         0          0      21359        336          0       3836   pokemoninfo.o
         0          0         36        384          0        295   pokestructs.o
        64         14          0          4          0        220   random.o
      3590        178       2018         44          0      18096   st7735.o
       692        632          0          0       1024        900   startup.o
      1184        188        240         48         56      14668   texas.o
         0          0      92345      10556          0      13745   tiles.o
       168         18          0          0          0        817   uart.o

    ----------------------------------------------------------------------
     22772       3478     215060      12924       9156     118231   Object Totals
         0          0         32          0          0          0   (incl. Generated)
        12          0          3          0          0          0   (incl. Padding)

    ----------------------------------------------------------------------

      Code (inc. data)   RO Data    RW Data    ZI Data      Debug   Library Member Name

        90          0          0          0          0          0   __dczerorl2.o
         8          0          0          0          0         68   __main.o
        52          8          0          0          0          0   __scatter.o
        28          0          0          0          0          0   __scatter_zi.o
        12          0          0          0          0         72   exit.o
         6          0          0          0          0        152   heapauxi.o
         0          0          0          0          0          0   indicate_semi.o
         2          0          0          0          0          0   libinit.o
         2          0          0          0          0          0   libinit2.o
         2          0          0          0          0          0   libshutdown.o
         2          0          0          0          0          0   libshutdown2.o
         8          4          0          0         96         68   libspace.o
       100          0          0          0          0         80   rt_memcpy_w.o
         0          0          0          0          0          0   rtentry.o
        12          0          0          0          0          0   rtentry2.o
         6          0          0          0          0          0   rtentry4.o
         2          0          0          0          0          0   rtexit.o
        10          0          0          0          0          0   rtexit2.o
        12          4          0          0          0         68   sys_exit.o
        74          0          0          0          0         80   sys_stackheap_outer.o
         2          0          0          0          0         68   use_no_semi.o
       826         16          0          0          0        348   daddsub_clz.o
        24          0          0          0          0         68   dcmpi.o
       688        140          0          0          0        208   ddiv.o
       120          4          0          0          0         92   deqf.o
        94          4          0          0          0         92   dfix.o
        84          0          0          0          0        136   dflt_clz.o
       340         12          0          0          0        104   dmul.o
       156          4          0          0          0         92   dnaninf.o
        12          0          0          0          0         68   dretinf.o
         0          0          0          0          0          0   usenofp.o

    ----------------------------------------------------------------------
      2784        196          0          0         96       1864   Library Totals
        10          0          0          0          0          0   (incl. Padding)

    ----------------------------------------------------------------------

      Code (inc. data)   RO Data    RW Data    ZI Data      Debug   Library Name

       430         16          0          0         96        656   c_w.l
      2344        180          0          0          0       1208   fz_ws.l

    ----------------------------------------------------------------------
      2784        196          0          0         96       1864   Library Totals

    ----------------------------------------------------------------------

==============================================================================


      Code (inc. data)   RO Data    RW Data    ZI Data      Debug   

     25556       3674     215060      12924       9252     113387   Grand Totals
     25556       3674     215060       1724       9252     113387   ELF Image Totals (compressed)
     25556       3674     215060       1724          0          0   ROM Totals

==============================================================================

    Total RO  Size (Code + RO Data)               240616 ( 234.98kB)
    Total RW  Size (RW Data + ZI Data)             22176 (  21.66kB)
    Total ROM Size (Code + RO Data + RW Data)     242340 ( 236.66kB)

==============================================================================

